******************************************************************************
                  TI ARM Linker PC v20.2.7                     
******************************************************************************
>> Linked Fri Aug  2 21:41:21 2024

OUTPUT FILE NAME:   <app_one.out>
ENTRY POINT SYMBOL: "_c_int00_noargs"  address: 00001b3d


MEMORY CONFIGURATION

         name            origin    length      used     unused   attr    fill
----------------------  --------  ---------  --------  --------  ----  --------
  FLASH                 00000000   00040000  00001be8  0003e418  R  X
  SRAM                  20000000   00008000  00000220  00007de0  RW X


SEGMENT ALLOCATION MAP

run origin  load origin   length   init length attrs members
----------  ----------- ---------- ----------- ----- -------
00000000    00000000    00001be8   00001be8    r-x
  00000000    00000000    0000026c   0000026c    r-- .intvecs
  0000026c    0000026c    00001964   00001964    r-x .text
  00001bd0    00001bd0    00000018   00000018    r-- .cinit
20000000    20000000    00000220   00000000    rw-
  20000000    20000000    00000200   00000000    rw- .stack
  20000200    20000200    00000020   00000000    rw- .data


SECTION ALLOCATION MAP

 output                                  attributes/
section   page    origin      length       input sections
--------  ----  ----------  ----------   ----------------
.intvecs   0    00000000    0000026c     
                  00000000    0000026c     tm4c123gh6pm_startup_ccs.obj (.intvecs)

.text      0    0000026c    00001964     
                  0000026c    00000b5c     gpio.obj (.text)
                  00000dc8    00000394     tiva_LEDS.obj (.text)
                  0000115c    00000388     ext_interrupt.obj (.text)
                  000014e4    00000234     NVIC.obj (.text)
                  00001718    000001f0     SYSTICK.obj (.text)
                  00001908    000000ac     main.obj (.text)
                  000019b4    0000009c     rtsv7M4_T_le_v4SPD16_eabi.lib : memcpy_t2.asm.obj (.text)
                  00001a50    00000068                                   : copy_decompress_lzss.c.obj (.text:decompress:lzss:__TI_decompress_lzss)
                  00001ab8    00000044                                   : autoinit.c.obj (.text:__TI_auto_init_nobinit_nopinit:__TI_auto_init_nobinit_nopinit)
                  00001afc    00000040     delay.obj (.text)
                  00001b3c    00000034     rtsv7M4_T_le_v4SPD16_eabi.lib : boot_cortex_m.c.obj (.text:_c_int00_noargs:_c_int00_noargs)
                  00001b70    00000026     tiva_SW.obj (.text)
                  00001b96    00000018     rtsv7M4_T_le_v4SPD16_eabi.lib : ll_mul_t2.asm.obj (.text)
                  00001bae    0000000e                                   : copy_decompress_none.c.obj (.text:decompress:none:__TI_decompress_none)
                  00001bbc    0000000c     tm4c123gh6pm_startup_ccs.obj (.text)
                  00001bc8    00000004     rtsv7M4_T_le_v4SPD16_eabi.lib : pre_init.c.obj (.text:_system_pre_init)
                  00001bcc    00000004                                   : exit.c.obj (.text:abort:abort)

.cinit     0    00001bd0    00000018     
                  00001bd0    00000008     (.cinit..data.load) [load image, compression = lzss]
                  00001bd8    00000008     (__TI_handler_table)
                  00001be0    00000008     (__TI_cinit_table)

.init_array 
*          0    00000000    00000000     UNINITIALIZED

.data      0    20000200    00000020     UNINITIALIZED
                  20000200    00000018     ext_interrupt.obj (.data)
                  20000218    00000007     SYSTICK.obj (.data)
                  2000021f    00000001     main.obj (.data)

.stack     0    20000000    00000200     UNINITIALIZED
                  20000000    00000004     rtsv7M4_T_le_v4SPD16_eabi.lib : boot_cortex_m.c.obj (.stack)
                  20000004    000001fc     --HOLE--

__llvm_prf_cnts 
*          0    20000000    00000000     UNINITIALIZED

MODULE SUMMARY

       Module                         code   ro data   rw data
       ------                         ----   -------   -------
    .\
       gpio.obj                       2908   0         0      
       ext_interrupt.obj              904    0         24     
       tiva_LEDS.obj                  916    0         0      
       tm4c123gh6pm_startup_ccs.obj   12     620       0      
       NVIC.obj                       564    0         0      
       SYSTICK.obj                    496    0         7      
       main.obj                       172    0         1      
       delay.obj                      64     0         0      
       tiva_SW.obj                    38     0         0      
    +--+------------------------------+------+---------+---------+
       Total:                         6074   620       32     
                                                              
    E:\apps\codecompser\ccs\tools\compiler\ti-cgt-arm_20.2.7.LTS\lib\rtsv7M4_T_le_v4SPD16_eabi.lib
       memcpy_t2.asm.obj              156    0         0      
       copy_decompress_lzss.c.obj     104    0         0      
       autoinit.c.obj                 68     0         0      
       boot_cortex_m.c.obj            52     0         0      
       ll_mul_t2.asm.obj              24     0         0      
       copy_decompress_none.c.obj     14     0         0      
       exit.c.obj                     4      0         0      
       pre_init.c.obj                 4      0         0      
    +--+------------------------------+------+---------+---------+
       Total:                         426    0         0      
                                                              
       Stack:                         0      0         512    
       Linker Generated:              0      24        0      
    +--+------------------------------+------+---------+---------+
       Grand Total:                   6500   644       544    


LINKER GENERATED COPY TABLES

__TI_cinit_table @ 00001be0 records: 1, size/record: 8, table size: 8
	.data: load addr=00001bd0, load size=00000008 bytes, run addr=20000200, run size=00000020 bytes, compression=lzss


LINKER GENERATED HANDLER TABLE

__TI_handler_table @ 00001bd8 records: 2, size/record: 4, table size: 8
	index: 0, handler: __TI_decompress_lzss
	index: 1, handler: __TI_decompress_none


GLOBAL SYMBOLS: SORTED ALPHABETICALLY BY Name 

address   name                          
-------   ----                          
00001bcd  C$$EXIT                       
00001afd  Delay_MS                      
000011bd  EXT_interrupte_Init           
000013f5  EXT_interrupte_SetCallBack_A  
00001405  EXT_interrupte_SetCallBack_B  
00001415  EXT_interrupte_SetCallBack_C  
00001425  EXT_interrupte_SetCallBack_D  
00001435  EXT_interrupte_SetCallBack_E  
00001445  EXT_interrupte_SetCallBack_F  
0000115d  GPIOPortA_Handler             
0000116d  GPIOPortB_Handler             
0000117d  GPIOPortC_Handler             
0000118d  GPIOPortD_Handler             
0000119d  GPIOPortE_Handler             
000011ad  GPIOPortF_Handler             
00001909  GPIOPortF_PortFCALLBACK       
000009cd  GPIO_readPin                  
00000cc5  GPIO_readPort                 
0000026d  GPIO_setupPinDirection        
00000ab5  GPIO_setupPortDirection       
00000905  GPIO_togglePin                
00000781  GPIO_writePin                 
00000c39  GPIO_writePort                
00000dc9  LED_init                      
00000ed7  LED_status                    
00001647  NVIC_DisableException         
0000153d  NVIC_DisableIRQ               
00001619  NVIC_EnableException          
000014e5  NVIC_EnableIRQ                
00001675  NVIC_SetPriorityException     
00001595  NVIC_SetPriorityIRQ           
00001bbd  ResetISR                      
00001b85  SW_check                      
00001b71  SW_init                       
00001925  SysTick_CallBackFunc          
000018cf  SysTick_DeInit                
00001719  SysTick_Handler               
0000175b  SysTick_Init                  
000018a7  SysTick_SetCallBack           
000018c3  SysTick_Start                 
000017dd  SysTick_StartBusyWait         
000018b7  SysTick_Stop                  
20000200  __STACK_END                   
00000200  __STACK_SIZE                  
20000200  __STACK_TOP                   
00001be0  __TI_CINIT_Base               
00001be8  __TI_CINIT_Limit              
00001bd8  __TI_Handler_Table_Base       
00001be0  __TI_Handler_Table_Limit      
00001ab9  __TI_auto_init_nobinit_nopinit
00001a51  __TI_decompress_lzss          
00001baf  __TI_decompress_none          
ffffffff  __TI_pprof_out_hndl           
ffffffff  __TI_prof_data_size           
ffffffff  __TI_prof_data_start          
00000000  __TI_static_base__            
00001b97  __aeabi_lmul                  
000019b5  __aeabi_memcpy                
000019b5  __aeabi_memcpy4               
000019b5  __aeabi_memcpy8               
ffffffff  __binit__                     
ffffffff  __c_args__                    
UNDEFED   __mpu_init                    
20000000  __stack                       
20000000  __start___llvm_prf_cnts       
20000000  __stop___llvm_prf_cnts        
00001b3d  _c_int00_noargs               
UNDEFED   _system_post_cinit            
00001bc9  _system_pre_init              
00001bcd  abort                         
ffffffff  binit                         
2000021f  g_Counter                     
00000000  g_pfnVectors                  
00001963  main                          
000019b5  memcpy                        
00001135  rolling_init                  
00001039  set_oneLED                    
000010a1  toggle_LED                    


GLOBAL SYMBOLS: SORTED BY Symbol Address 

address   name                          
-------   ----                          
00000000  __TI_static_base__            
00000000  g_pfnVectors                  
00000200  __STACK_SIZE                  
0000026d  GPIO_setupPinDirection        
00000781  GPIO_writePin                 
00000905  GPIO_togglePin                
000009cd  GPIO_readPin                  
00000ab5  GPIO_setupPortDirection       
00000c39  GPIO_writePort                
00000cc5  GPIO_readPort                 
00000dc9  LED_init                      
00000ed7  LED_status                    
00001039  set_oneLED                    
000010a1  toggle_LED                    
00001135  rolling_init                  
0000115d  GPIOPortA_Handler             
0000116d  GPIOPortB_Handler             
0000117d  GPIOPortC_Handler             
0000118d  GPIOPortD_Handler             
0000119d  GPIOPortE_Handler             
000011ad  GPIOPortF_Handler             
000011bd  EXT_interrupte_Init           
000013f5  EXT_interrupte_SetCallBack_A  
00001405  EXT_interrupte_SetCallBack_B  
00001415  EXT_interrupte_SetCallBack_C  
00001425  EXT_interrupte_SetCallBack_D  
00001435  EXT_interrupte_SetCallBack_E  
00001445  EXT_interrupte_SetCallBack_F  
000014e5  NVIC_EnableIRQ                
0000153d  NVIC_DisableIRQ               
00001595  NVIC_SetPriorityIRQ           
00001619  NVIC_EnableException          
00001647  NVIC_DisableException         
00001675  NVIC_SetPriorityException     
00001719  SysTick_Handler               
0000175b  SysTick_Init                  
000017dd  SysTick_StartBusyWait         
000018a7  SysTick_SetCallBack           
000018b7  SysTick_Stop                  
000018c3  SysTick_Start                 
000018cf  SysTick_DeInit                
00001909  GPIOPortF_PortFCALLBACK       
00001925  SysTick_CallBackFunc          
00001963  main                          
000019b5  __aeabi_memcpy                
000019b5  __aeabi_memcpy4               
000019b5  __aeabi_memcpy8               
000019b5  memcpy                        
00001a51  __TI_decompress_lzss          
00001ab9  __TI_auto_init_nobinit_nopinit
00001afd  Delay_MS                      
00001b3d  _c_int00_noargs               
00001b71  SW_init                       
00001b85  SW_check                      
00001b97  __aeabi_lmul                  
00001baf  __TI_decompress_none          
00001bbd  ResetISR                      
00001bc9  _system_pre_init              
00001bcd  C$$EXIT                       
00001bcd  abort                         
00001bd8  __TI_Handler_Table_Base       
00001be0  __TI_CINIT_Base               
00001be0  __TI_Handler_Table_Limit      
00001be8  __TI_CINIT_Limit              
20000000  __stack                       
20000000  __start___llvm_prf_cnts       
20000000  __stop___llvm_prf_cnts        
20000200  __STACK_END                   
20000200  __STACK_TOP                   
2000021f  g_Counter                     
ffffffff  __TI_pprof_out_hndl           
ffffffff  __TI_prof_data_size           
ffffffff  __TI_prof_data_start          
ffffffff  __binit__                     
ffffffff  __c_args__                    
ffffffff  binit                         
UNDEFED   __mpu_init                    
UNDEFED   _system_post_cinit            

[78 symbols]
