******************************************************************************
                  TI ARM Linker PC v20.2.7                     
******************************************************************************
>> Linked Fri Aug  2 21:41:25 2024

OUTPUT FILE NAME:   <app_two.out>
ENTRY POINT SYMBOL: "_c_int00_noargs"  address: 00002745


MEMORY CONFIGURATION

         name            origin    length      used     unused   attr    fill
----------------------  --------  ---------  --------  --------  ----  --------
  FLASH                 00000000   00040000  00002b16  0003d4ea  R  X
  SRAM                  20000000   00008000  000005c3  00007a3d  RW X


SEGMENT ALLOCATION MAP

run origin  load origin   length   init length attrs members
----------  ----------- ---------- ----------- ----- -------
00000000    00000000    00002b18   00002b18    r-x
  00000000    00000000    0000026c   0000026c    r-- .intvecs
  0000026c    0000026c    000026d4   000026d4    r-x .text
  00002940    00002940    00000146   00000146    r-- .const
  00002a88    00002a88    00000090   00000090    r-- .cinit
20000000    20000000    000005c8   00000000    rw-
  20000000    20000000    00000200   00000000    rw- .stack
  20000200    20000200    000001eb   00000000    rw- .data
  200003ec    200003ec    000001c8   00000000    rw- .bss
  200005b8    200005b8    00000010   00000000    rw- .sysmem


SECTION ALLOCATION MAP

 output                                  attributes/
section   page    origin      length       input sections
--------  ----  ----------  ----------   ----------------
.intvecs   0    00000000    0000026c     
                  00000000    0000026c     tm4c123gh6pm_startup_ccs.obj (.intvecs)

.text      0    0000026c    000026d4     
                  0000026c    00000b5c     gpio.obj (.text)
                  00000dc8    00000608     main.obj (.text)
                  000013d0    00000394     tiva_LEDS.obj (.text)
                  00001764    00000234     NVIC.obj (.text)
                  00001998    000001f0     SYSTICK.obj (.text)
                  00001b88    00000114     rtsv7M4_T_le_v4SPD16_eabi.lib : fputs.c.obj (.text:fputs)
                  00001c9c    00000100                                   : memory.c.obj (.text:aligned_alloc)
                  00001d9c    000000e4                                   : memory.c.obj (.text:free)
                  00001e80    000000dc                                   : setvbuf.c.obj (.text:setvbuf)
                  00001f5c    0000009c                                   : memcpy_t2.asm.obj (.text)
                  00001ff8    0000007c                                   : fflush.c.obj (.text:fflush)
                  00002074    00000074                                   : fclose.c.obj (.text:__TI_closefile)
                  000020e8    00000070                                   : memory.c.obj (.text:split)
                  00002158    0000006c                                   : hostrename.c.obj (.text:HOSTrename)
                  000021c4    00000068                                   : hostlseek.c.obj (.text:HOSTlseek)
                  0000222c    00000068                                   : copy_decompress_lzss.c.obj (.text:decompress:lzss:__TI_decompress_lzss)
                  00002294    00000064                                   : fseek.c.obj (.text:fseek)
                  000022f8    00000062                                   : _io_perm.c.obj (.text:__TI_wrt_ok)
                  0000235a    00000002                                   : _lock.c.obj (.text:_nop)
                  0000235c    00000060                                   : hostopen.c.obj (.text:HOSTopen)
                  000023bc    0000005c                                   : close.c.obj (.text:close)
                  00002418    00000058                                   : hostread.c.obj (.text:HOSTread)
                  00002470    00000058                                   : hostwrite.c.obj (.text:HOSTwrite)
                  000024c8    0000004c                                   : fflush.c.obj (.text:__TI_doflush)
                  00002514    00000048                                   : exit.c.obj (.text:exit)
                  0000255c    00000044                                   : hostclose.c.obj (.text:HOSTclose)
                  000025a0    00000044                                   : hostunlink.c.obj (.text:HOSTunlink)
                  000025e4    00000044                                   : autoinit.c.obj (.text:__TI_auto_init_nobinit_nopinit:__TI_auto_init_nobinit_nopinit)
                  00002628    00000044                                   : getdevice.c.obj (.text:getdevice)
                  0000266c    00000038                                   : trgmsg.c.obj (.text:__TI_writemsg)
                  000026a4    00000036                                   : strncpy.c.obj (.text:strncpy)
                  000026da    00000002     --HOLE-- [fill = 0]
                  000026dc    00000034                                   : fopen.c.obj (.text:__TI_cleanup)
                  00002710    00000034                                   : trgmsg.c.obj (.text:__TI_readmsg)
                  00002744    00000034                                   : boot_cortex_m.c.obj (.text:_c_int00_noargs:_c_int00_noargs)
                  00002778    00000030                                   : getdevice.c.obj (.text:finddevice)
                  000027a8    0000002c                                   : unlink.c.obj (.text:unlink)
                  000027d4    00000028                                   : memory.c.obj (.text:free_list_insert)
                  000027fc    00000028                                   : lseek.c.obj (.text:lseek)
                  00002824    00000028                                   : write.c.obj (.text:write)
                  0000284c    00000020                                   : memchr.c.obj (.text:memchr)
                  0000286c    0000001c                                   : assert.c.obj (.text:_abort_msg)
                  00002888    0000001c                                   : copy_zero_init.c.obj (.text:decompress:ZI:__TI_zero_init_nomemset:__TI_zero_init_nomemset)
                  000028a4    0000001c                                   : memory.c.obj (.text:free_list_remove)
                  000028c0    00000018                                   : strcmp.c.obj (.text:strcmp)
                  000028d8    00000016                                   : strchr.c.obj (.text:strchr)
                  000028ee    00000014                                   : strcpy.c.obj (.text:strcpy)
                  00002902    00000014                                   : strlen.c.obj (.text:strlen)
                  00002916    0000000e                                   : copy_decompress_none.c.obj (.text:decompress:none:__TI_decompress_none)
                  00002924    0000000c     tm4c123gh6pm_startup_ccs.obj (.text)
                  00002930    00000008     rtsv7M4_T_le_v4SPD16_eabi.lib : memory.c.obj (.text:malloc)
                  00002938    00000004                                   : pre_init.c.obj (.text:_system_pre_init)
                  0000293c    00000004                                   : exit.c.obj (.text:abort:abort)

.const     0    00002940    00000146     
                  00002940    00000146     main.obj (.const:.string)

.cinit     0    00002a88    00000090     
                  00002a88    00000067     (.cinit..data.load) [load image, compression = lzss]
                  00002aef    00000001     --HOLE-- [fill = 0]
                  00002af0    0000000c     (__TI_handler_table)
                  00002afc    00000004     --HOLE-- [fill = 0]
                  00002b00    00000008     (.cinit..bss.load) [load image, compression = zero_init]
                  00002b08    00000010     (__TI_cinit_table)

.init_array 
*          0    00000000    00000000     UNINITIALIZED

.stack     0    20000000    00000200     UNINITIALIZED
                  20000000    00000004     rtsv7M4_T_le_v4SPD16_eabi.lib : boot_cortex_m.c.obj (.stack)
                  20000004    000001fc     --HOLE--

.data      0    20000200    000001eb     UNINITIALIZED
                  20000200    000000f0     rtsv7M4_T_le_v4SPD16_eabi.lib : defs.c.obj (.data:_ftable)
                  200002f0    00000078                                   : host_device.c.obj (.data:_device)
                  20000368    00000050                                   : host_device.c.obj (.data:_stream)
                  200003b8    00000010                                   : defs.c.obj (.data)
                  200003c8    0000000c                                   : exit.c.obj (.data:$O1$$)
                  200003d4    00000008                                   : _lock.c.obj (.data:$O1$$)
                  200003dc    00000008                                   : memory.c.obj (.data:$O1$$)
                  200003e4    00000007     SYSTICK.obj (.data)

.bss       0    200003ec    000001c8     UNINITIALIZED
                  200003ec    00000120     rtsv7M4_T_le_v4SPD16_eabi.lib : trgmsg.c.obj (.bss:_CIOBUF_)
                  2000050c    000000a0     (.common:__TI_tmpnams)
                  200005ac    00000008     (.common:parmbuf)

.sysmem    0    200005b8    00000010     UNINITIALIZED
                  200005b8    00000010     rtsv7M4_T_le_v4SPD16_eabi.lib : memory.c.obj (.sysmem)

__llvm_prf_cnts 
*          0    20000000    00000000     UNINITIALIZED

MODULE SUMMARY

       Module                         code   ro data   rw data
       ------                         ----   -------   -------
    .\
       gpio.obj                       2908   0         0      
       main.obj                       1544   326       0      
       tiva_LEDS.obj                  916    0         0      
       tm4c123gh6pm_startup_ccs.obj   12     620       0      
       NVIC.obj                       564    0         0      
       SYSTICK.obj                    496    0         7      
    +--+------------------------------+------+---------+---------+
       Total:                         6440   946       7      
                                                              
    E:\apps\codecompser\ccs\tools\compiler\ti-cgt-arm_20.2.7.LTS\lib\rtsv7M4_T_le_v4SPD16_eabi.lib
       memory.c.obj                   672    0         8      
       defs.c.obj                     0      0         416    
       trgmsg.c.obj                   108    0         288    
       fputs.c.obj                    276    0         0      
       setvbuf.c.obj                  220    0         0      
       fflush.c.obj                   200    0         0      
       host_device.c.obj              0      0         200    
       memcpy_t2.asm.obj              156    0         0      
       fclose.c.obj                   116    0         0      
       getdevice.c.obj                116    0         0      
       hostrename.c.obj               108    0         0      
       copy_decompress_lzss.c.obj     104    0         0      
       hostlseek.c.obj                104    0         0      
       hostopen.c.obj                 96     0         8      
       fseek.c.obj                    100    0         0      
       _io_perm.c.obj                 98     0         0      
       close.c.obj                    92     0         0      
       exit.c.obj                     76     0         12     
       hostread.c.obj                 88     0         0      
       hostwrite.c.obj                88     0         0      
       autoinit.c.obj                 68     0         0      
       hostclose.c.obj                68     0         0      
       hostunlink.c.obj               68     0         0      
       strncpy.c.obj                  54     0         0      
       boot_cortex_m.c.obj            52     0         0      
       fopen.c.obj                    52     0         0      
       unlink.c.obj                   44     0         0      
       lseek.c.obj                    40     0         0      
       write.c.obj                    40     0         0      
       memchr.c.obj                   32     0         0      
       assert.c.obj                   28     0         0      
       copy_zero_init.c.obj           28     0         0      
       strcmp.c.obj                   24     0         0      
       strchr.c.obj                   22     0         0      
       strcpy.c.obj                   20     0         0      
       strlen.c.obj                   20     0         0      
       copy_decompress_none.c.obj     14     0         0      
       _lock.c.obj                    2      0         8      
       pre_init.c.obj                 4      0         0      
    +--+------------------------------+------+---------+---------+
       Total:                         3498   0         940    
                                                              
       Heap:                          0      0         16     
       Stack:                         0      0         512    
       Linker Generated:              0      139       0      
    +--+------------------------------+------+---------+---------+
       Grand Total:                   9938   1085      1475   


LINKER GENERATED COPY TABLES

__TI_cinit_table @ 00002b08 records: 2, size/record: 8, table size: 16
	.data: load addr=00002a88, load size=00000067 bytes, run addr=20000200, run size=000001eb bytes, compression=lzss
	.bss: load addr=00002b00, load size=00000008 bytes, run addr=200003ec, run size=000001c8 bytes, compression=zero_init


LINKER GENERATED HANDLER TABLE

__TI_handler_table @ 00002af0 records: 3, size/record: 4, table size: 12
	index: 0, handler: __TI_decompress_lzss
	index: 1, handler: __TI_decompress_none
	index: 2, handler: __TI_zero_init


GLOBAL SYMBOLS: SORTED ALPHABETICALLY BY Name 

address   name                           
-------   ----                           
0000293d  C$$EXIT                        
0000269b  C$$IO$$                        
000009cd  GPIO_readPin                   
00000cc5  GPIO_readPort                  
0000026d  GPIO_setupPinDirection         
00000ab5  GPIO_setupPortDirection        
00000905  GPIO_togglePin                 
00000781  GPIO_writePin                  
00000c39  GPIO_writePort                 
0000255d  HOSTclose                      
000021c5  HOSTlseek                      
0000235d  HOSTopen                       
00002419  HOSTread                       
00002159  HOSTrename                     
000025a1  HOSTunlink                     
00002471  HOSTwrite                      
000013d1  LED_init                       
000014df  LED_status                     
000018c7  NVIC_DisableException          
000017bd  NVIC_DisableIRQ                
00001899  NVIC_EnableException           
00001765  NVIC_EnableIRQ                 
000018f5  NVIC_SetPriorityException      
00001815  NVIC_SetPriorityIRQ            
00002925  ResetISR                       
00001b4f  SysTick_DeInit                 
00001999  SysTick_Handler                
000019db  SysTick_Init                   
00001b27  SysTick_SetCallBack            
00001b43  SysTick_Start                  
00001a5d  SysTick_StartBusyWait          
00001b37  SysTick_Stop                   
00000dc9  Test_Exceptions_Settings       
200003ec  __CIOBUF_                      
20000200  __STACK_END                    
00000200  __STACK_SIZE                   
20000200  __STACK_TOP                    
00000010  __SYSMEM_SIZE                  
00002b08  __TI_CINIT_Base                
00002b18  __TI_CINIT_Limit               
00002af0  __TI_Handler_Table_Base        
00002afc  __TI_Handler_Table_Limit       
000025e5  __TI_auto_init_nobinit_nopinit 
000026dd  __TI_cleanup                   
200003c8  __TI_cleanup_ptr               
00002075  __TI_closefile                 
0000222d  __TI_decompress_lzss           
00002917  __TI_decompress_none           
000024c9  __TI_doflush                   
200003cc  __TI_dtors_ptr                 
200003d0  __TI_enable_exit_profile_output
200003b8  __TI_ft_end                    
ffffffff  __TI_pprof_out_hndl            
ffffffff  __TI_prof_data_size            
ffffffff  __TI_prof_data_start           
00002711  __TI_readmsg                   
00000000  __TI_static_base__             
2000050c  __TI_tmpnams                   
0000266d  __TI_writemsg                  
000022f9  __TI_wrt_ok                    
00002889  __TI_zero_init_nomemset        
00001f5d  __aeabi_memcpy                 
00001f5d  __aeabi_memcpy4                
00001f5d  __aeabi_memcpy8                
200003c4  __aeabi_stderr                 
200003bc  __aeabi_stdin                  
200003c0  __aeabi_stdout                 
ffffffff  __binit__                      
ffffffff  __c_args__                     
UNDEFED   __mpu_init                     
20000000  __stack                        
20000000  __start___llvm_prf_cnts        
20000000  __stop___llvm_prf_cnts         
0000286d  _abort_msg                     
00002745  _c_int00_noargs                
200002f0  _device                        
20000200  _ftable                        
200003d4  _lock                          
0000235b  _nop                           
20000368  _stream                        
200005b8  _sys_memory                    
UNDEFED   _system_post_cinit             
00002939  _system_pre_init               
200003d8  _unlock                        
0000293d  abort                          
00001c9d  aligned_alloc                  
ffffffff  binit                          
000023bd  close                          
00002515  exit                           
00001ff9  fflush                         
00002779  finddevice                     
00001b89  fputs                          
00001d9d  free                           
00002295  fseek                          
00000000  g_pfnVectors                   
00002629  getdevice                      
000027fd  lseek                          
00001395  main                           
00002931  malloc                         
00001c9d  memalign                       
0000284d  memchr                         
00001f5d  memcpy                         
200005ac  parmbuf                        
000027a9  remove                         
0000173d  rolling_init                   
00001641  set_oneLED                     
00001e81  setvbuf                        
000028d9  strchr                         
000028c1  strcmp                         
000028ef  strcpy                         
00002903  strlen                         
000026a5  strncpy                        
000016a9  toggle_LED                     
000027a9  unlink                         
00002825  write                          


GLOBAL SYMBOLS: SORTED BY Symbol Address 

address   name                           
-------   ----                           
00000000  __TI_static_base__             
00000000  g_pfnVectors                   
00000010  __SYSMEM_SIZE                  
00000200  __STACK_SIZE                   
0000026d  GPIO_setupPinDirection         
00000781  GPIO_writePin                  
00000905  GPIO_togglePin                 
000009cd  GPIO_readPin                   
00000ab5  GPIO_setupPortDirection        
00000c39  GPIO_writePort                 
00000cc5  GPIO_readPort                  
00000dc9  Test_Exceptions_Settings       
00001395  main                           
000013d1  LED_init                       
000014df  LED_status                     
00001641  set_oneLED                     
000016a9  toggle_LED                     
0000173d  rolling_init                   
00001765  NVIC_EnableIRQ                 
000017bd  NVIC_DisableIRQ                
00001815  NVIC_SetPriorityIRQ            
00001899  NVIC_EnableException           
000018c7  NVIC_DisableException          
000018f5  NVIC_SetPriorityException      
00001999  SysTick_Handler                
000019db  SysTick_Init                   
00001a5d  SysTick_StartBusyWait          
00001b27  SysTick_SetCallBack            
00001b37  SysTick_Stop                   
00001b43  SysTick_Start                  
00001b4f  SysTick_DeInit                 
00001b89  fputs                          
00001c9d  aligned_alloc                  
00001c9d  memalign                       
00001d9d  free                           
00001e81  setvbuf                        
00001f5d  __aeabi_memcpy                 
00001f5d  __aeabi_memcpy4                
00001f5d  __aeabi_memcpy8                
00001f5d  memcpy                         
00001ff9  fflush                         
00002075  __TI_closefile                 
00002159  HOSTrename                     
000021c5  HOSTlseek                      
0000222d  __TI_decompress_lzss           
00002295  fseek                          
000022f9  __TI_wrt_ok                    
0000235b  _nop                           
0000235d  HOSTopen                       
000023bd  close                          
00002419  HOSTread                       
00002471  HOSTwrite                      
000024c9  __TI_doflush                   
00002515  exit                           
0000255d  HOSTclose                      
000025a1  HOSTunlink                     
000025e5  __TI_auto_init_nobinit_nopinit 
00002629  getdevice                      
0000266d  __TI_writemsg                  
0000269b  C$$IO$$                        
000026a5  strncpy                        
000026dd  __TI_cleanup                   
00002711  __TI_readmsg                   
00002745  _c_int00_noargs                
00002779  finddevice                     
000027a9  remove                         
000027a9  unlink                         
000027fd  lseek                          
00002825  write                          
0000284d  memchr                         
0000286d  _abort_msg                     
00002889  __TI_zero_init_nomemset        
000028c1  strcmp                         
000028d9  strchr                         
000028ef  strcpy                         
00002903  strlen                         
00002917  __TI_decompress_none           
00002925  ResetISR                       
00002931  malloc                         
00002939  _system_pre_init               
0000293d  C$$EXIT                        
0000293d  abort                          
00002af0  __TI_Handler_Table_Base        
00002afc  __TI_Handler_Table_Limit       
00002b08  __TI_CINIT_Base                
00002b18  __TI_CINIT_Limit               
20000000  __stack                        
20000000  __start___llvm_prf_cnts        
20000000  __stop___llvm_prf_cnts         
20000200  __STACK_END                    
20000200  __STACK_TOP                    
20000200  _ftable                        
200002f0  _device                        
20000368  _stream                        
200003b8  __TI_ft_end                    
200003bc  __aeabi_stdin                  
200003c0  __aeabi_stdout                 
200003c4  __aeabi_stderr                 
200003c8  __TI_cleanup_ptr               
200003cc  __TI_dtors_ptr                 
200003d0  __TI_enable_exit_profile_output
200003d4  _lock                          
200003d8  _unlock                        
200003ec  __CIOBUF_                      
2000050c  __TI_tmpnams                   
200005ac  parmbuf                        
200005b8  _sys_memory                    
ffffffff  __TI_pprof_out_hndl            
ffffffff  __TI_prof_data_size            
ffffffff  __TI_prof_data_start           
ffffffff  __binit__                      
ffffffff  __c_args__                     
ffffffff  binit                          
UNDEFED   __mpu_init                     
UNDEFED   _system_post_cinit             

[115 symbols]
